linking exited with exit status: 0

no stdout present

=== stderr ===
debug print: loaded object
 │
 │  section .eh_frame (perms: r) in libhello.hello.bbd34e56055a0961-cgu.0.rcgu.o inside archive libhello.a
 │   │
 │   │  ╭─────────────────────────────────────────────────┬──────────────────╮
 │   │  │ 14 00 00 00 00 00 00 00 01 7a 52 00 01 7c 08 01 │ .........zR..|.. │
 │   │  │ 1b 0c 04 04 88 01 00 00 10 00 00 00 1c 00 00 00 │ ................ │
 │   │  │ 00 00 00 00 04 00 00 00 00 00 00 00 10 00 00 00 │ ................ │
 │   │  │ 30 00 00 00 00 00 00 00 04 00 00 00 00 00 00 00 │ 0............... │
 │   │  ╰─────────────────────────────────────────────────┴──────────────────╯
 │   │
 │   │    Relocations:
 │   │  ╭────────────┬────────────────────────────────────────────────────────────────┬────────┬──────────╮
 │   │  │ Type       │ Symbol                                                         │ Offset │ Addend   │
 │   │  ├────────────┼────────────────────────────────────────────────────────────────┼────────┼──────────┤
 │   │  │ Relative32 │ <section .text._RNvCsjjZ7o4X8YX3_7___rustc17rust_begin_unwind> │ 0x20   │ <inline> │
 │   │  │ Relative32 │ <section .text._start>                                         │ 0x34   │ <inline> │
 │   │  ╰────────────┴────────────────────────────────────────────────────────────────┴────────┴──────────╯
 │   ┴
 ┴

debug print: calculated layout
 │
 │    Layout:
 │  ╭──────────────────────────────────────────────────────┬─────────────┬─────────────┬────────────────┬───────────────╮
 │  │ Part                                                 │ File offset │ File length │ Memory address │ Memory length │
 │  ├──────────────────────────────────────────────────────┼─────────────┼─────────────┼────────────────┼───────────────┤
 │  │ <elf header>                                         │ 0x0         │ 0x34        │ -              │ -             │
 │  │ <program header>                                     │ 0x34        │ 0x80        │ -              │ -             │
 │  │ <section header>                                     │ 0xb4        │ 0x168       │ -              │ -             │
 │  │ .shstrtab                                            │ 0x21c       │ 0x7e        │ -              │ -             │
 │  │ .strtab                                              │ 0x29a       │ 0x55        │ -              │ -             │
 │  │ .symtab                                              │ 0x2ef       │ 0x40        │ -              │ -             │
 │  │ .comment                                             │ 0x32f       │ 0x45        │ -              │ -             │
 │  │ <padding>                                            │ 0x374       │ 0xc8c       │ -              │ -             │
 │  │ .eh_frame                                            │ 0x1000      │ 0x40        │ 0x400000       │ 0x40          │
 │  │ .eh_frame_hdr                                        │ 0x1040      │ 0x8         │ 0x400040       │ 0x8           │
 │  │ <padding>                                            │ 0x1048      │ 0xfb8       │ -              │ -             │
 │  │ .text._RNvCsjjZ7o4X8YX3_7___rustc17rust_begin_unwind │ 0x2000      │ 0x4         │ 0x401000       │ 0x4           │
 │  │ .text._start                                         │ 0x2004      │ 0x4         │ 0x401004       │ 0x4           │
 │  ╰──────────────────────────────────────────────────────┴─────────────┴─────────────┴────────────────┴───────────────╯
 │
 │    Segments:
 │  ╭──────────┬────────┬──────────────┬───────┬──────────────────────────────────────────────────────╮
 │  │ Start    │ Align  │ Type         │ Perms │ Content                                              │
 │  ├──────────┼────────┼──────────────┼───────┼──────────────────────────────────────────────────────┤
 │  │ 0x400000 │ 0x1000 │ program      │ R     │ .eh_frame                                            │
 │  │          │        │              │       │ .eh_frame_hdr                                        │
 │  │ 0x401000 │ 0x1000 │ program      │ RX    │ .text._RNvCsjjZ7o4X8YX3_7___rustc17rust_begin_unwind │
 │  │          │        │              │       │ .text._start                                         │
 │  │ 0x400040 │ 0x4    │ GNU EH frame │ R     │ .eh_frame_hdr                                        │
 │  │ -        │ 0x1    │ GNU stack    │ RW    │                                                      │
 │  ╰──────────┴────────┴──────────────┴───────┴──────────────────────────────────────────────────────╯
 ┴

debug print: object after relocations are applied
 │
 │  section .eh_frame (perms: r) in libhello.hello.bbd34e56055a0961-cgu.0.rcgu.o inside archive libhello.a
 │   │
 │   │  address: 0x400000
 │   │
 │   │  ╭─────────────────────────────────────────────────┬──────────────────╮
 │   │  │ 14 00 00 00 00 00 00 00 01 7a 52 00 01 7c 08 01 │ .........zR..|.. │
 │   │  │ 1b 0c 04 04 88 01 00 00 10 00 00 00 1c 00 00 00 │ ................ │
 │   │  │ e0 0f 00 00 04 00 00 00 00 00 00 00 10 00 00 00 │ ................ │
 │   │  │ 30 00 00 00 d0 0f 00 00 04 00 00 00 00 00 00 00 │ 0............... │
 │   │  ╰─────────────────────────────────────────────────┴──────────────────╯
 │   ┴
 │
 │  EH frame header section .eh_frame_hdr in <cuddld>
 │   │
 │   │  EH frame: .eh_frame
 │   ┴
 ┴

debug print: built elf
 │
 │  section .eh_frame (address: 0x400000)
 │   │
 │   │  program data | permissions: R
 │   │
 │   │  ╭─────────────────────────────────────────────────┬──────────────────╮
 │   │  │ 14 00 00 00 00 00 00 00 01 7a 52 00 01 7c 08 01 │ .........zR..|.. │
 │   │  │ 1b 0c 04 04 88 01 00 00 10 00 00 00 1c 00 00 00 │ ................ │
 │   │  │ e0 0f 00 00 04 00 00 00 00 00 00 00 10 00 00 00 │ ................ │
 │   │  │ 30 00 00 00 d0 0f 00 00 04 00 00 00 00 00 00 00 │ 0............... │
 │   │  ╰─────────────────────────────────────────────────┴──────────────────╯
 │   ┴
 │
 │  section .eh_frame_hdr (address: 0x400040)
 │   │
 │   │  EH Frame Header
 │   │
 │   │  .eh_frame pointer encoding: I32 | PcRel
 │   │  entries encoding:           Missing
 │   │  entries count encoding:     Missing
 │   │
 │   │  .eh_frame pointer: 0x400000 (raw offset: 0xffffffffffffffbc)
 │   │
 │   │  There are no entries stored in the binary search table
 │   ┴
 ┴
