Document {
    contents: [
        Assignment(
            AssignmentStatement {
                key: "a",
                value: String(
                    "hello",
                ),
            },
        ),
        Assignment(
            AssignmentStatement {
                key: "b",
                value: Interpolation(
                    [
                        String(
                            "hello ",
                        ),
                        Variable(
                            Variable(
                                "user.name",
                            ),
                        ),
                        String(
                            " world",
                        ),
                    ],
                ),
            },
        ),
        Assignment(
            AssignmentStatement {
                key: "c",
                value: Interpolation(
                    [
                        String(
                            "",
                        ),
                        Variable(
                            Variable(
                                "foo",
                            ),
                        ),
                        String(
                            "",
                        ),
                    ],
                ),
            },
        ),
        Assignment(
            AssignmentStatement {
                key: "d",
                value: Interpolation(
                    [
                        String(
                            "",
                        ),
                        String(
                            "bar",
                        ),
                        String(
                            "",
                        ),
                    ],
                ),
            },
        ),
        Assignment(
            AssignmentStatement {
                key: "e",
                value: Interpolation(
                    [
                        String(
                            "",
                        ),
                        Interpolation(
                            [
                                String(
                                    "bar ",
                                ),
                                Variable(
                                    Variable(
                                        "baz",
                                    ),
                                ),
                                String(
                                    "",
                                ),
                            ],
                        ),
                        String(
                            "",
                        ),
                    ],
                ),
            },
        ),
    ],
}