---
source: plinky_test_harness/src/utils.rs
---
reading ELF exited with exit status: 0

=== stdout ===
  Metadata:
╭────────────┬────────────╮
│ Class      │ ELF 64bit  │
│ Endian     │ Little     │
│ ABI        │ System V   │
│ Machine    │ x86-64     │
│ Type       │ Executable │
│ Entrypoint │ 0x401000   │
╰────────────┴────────────╯

section <empty> (address: 0x0)
 │
 │  empty section
 ┴

section .text (address: 0x401000)
 │
 │  program data | permissions: R X
 │
 │  ╭─────────────────────────────────────────────────┬──────────────────╮
 │  │ b8 04 00 00 00 bb 01 00 00 00 b9 30 30 40 00 ba │ ...........00@.. │
 │  │ 0d 00 00 00 cd 80 b8 04 00 00 00 bb 01 00 00 00 │ ................ │
 │  │ b9 3d 30 40 00 ba 0f 00 00 00 cd 80 b0 01 bb 00 │ .=0@............ │
 │  │ 00 00 00 cd 80                                  │ .....            │
 │  ╰─────────────────────────────────────────────────┴──────────────────╯
 ┴

section .note.gnu.property (address: 0x402000)
 │
 │  GNU properties
 │   │
 │   │  ╭───────────────────────┬──────────╮
 │   │  │ Property              │ Value    │
 │   │  ├───────────────────────┼──────────┤
 │   │  │ x86 features (2) used │ x86      │
 │   │  │ x86 ISA used          │ baseline │
 │   │  ╰───────────────────────┴──────────╯
 │   ┴
 ┴

section .data (address: 0x403030)
 │
 │  program data | permissions: RW
 │
 │  ╭─────────────────────────────────────────────────┬──────────────────╮
 │  │ 48 65 6c 6c 6f 20 77 6f 72 6c 64 21 0a 47 6f 6f │ Hello world!.Goo │
 │  │ 64 62 79 65 20 77 6f 72 6c 64 21 0a             │ dbye world!.     │
 │  ╰─────────────────────────────────────────────────┴──────────────────╯
 ┴

section .bss (address: 0x403050)
 │
 │  uninitialized | len: 0x8 | permissions: RW 
 ┴

section .symtab (address: 0x0)
 │
 │    Symbol table:
 │  ╭─────────────┬─────────┬────────┬────────────┬────────────┬──────────┬──────╮
 │  │ Name        │ Binding │ Type   │ Visibility │ Definition │ Value    │ Size │
 │  ├─────────────┼─────────┼────────┼────────────┼────────────┼──────────┼──────┤
 │  │ <empty>     │ Local   │ -      │ Default    │ Undefined  │ 0x0      │ 0x0  │
 │  │ hello.S     │ Local   │ File   │ Default    │ Absolute   │ 0x0      │ 0x0  │
 │  │ msg_hello   │ Local   │ -      │ Default    │ .data      │ 0x403030 │ 0x0  │
 │  │ len_hello   │ Local   │ -      │ Default    │ Absolute   │ 0xd      │ 0x0  │
 │  │ msg_goodbye │ Local   │ -      │ Default    │ .data      │ 0x40303d │ 0x0  │
 │  │ len_goodbye │ Local   │ -      │ Default    │ Absolute   │ 0xf      │ 0x0  │
 │  │ uninit      │ Local   │ Object │ Default    │ .bss       │ 0x403050 │ 0x8  │
 │  │ _start      │ Global  │ -      │ Default    │ .text      │ 0x401000 │ 0x0  │
 │  │ __bss_start │ Global  │ -      │ Default    │ .bss       │ 0x403050 │ 0x0  │
 │  │ _edata      │ Global  │ -      │ Default    │ .data      │ 0x40304c │ 0x0  │
 │  │ _end        │ Global  │ -      │ Default    │ .bss       │ 0x403058 │ 0x0  │
 │  ╰─────────────┴─────────┴────────┴────────────┴────────────┴──────────┴──────╯
 ┴

section .strtab (address: 0x0)
 │
 │    Strings table:
 │  ╭──────┬─────────────╮
 │  │ 0x0  │             │
 │  │ 0x1  │ hello.S     │
 │  │ 0x9  │ msg_hello   │
 │  │ 0x13 │ len_hello   │
 │  │ 0x1d │ msg_goodbye │
 │  │ 0x29 │ len_goodbye │
 │  │ 0x35 │ uninit      │
 │  │ 0x3c │ __bss_start │
 │  │ 0x48 │ _edata      │
 │  │ 0x4f │ _end        │
 │  ╰──────┴─────────────╯
 ┴

section .shstrtab (address: 0x0)
 │
 │    Strings table:
 │  ╭──────┬────────────────────╮
 │  │ 0x0  │                    │
 │  │ 0x1  │ .symtab            │
 │  │ 0x9  │ .strtab            │
 │  │ 0x11 │ .shstrtab          │
 │  │ 0x1b │ .text              │
 │  │ 0x21 │ .note.gnu.property │
 │  │ 0x34 │ .data              │
 │  │ 0x3a │ .bss               │
 │  ╰──────┴────────────────────╯
 ┴

  Segments:
╭──────────────┬───────┬──────────┬─────────────┬──────────┬────────────────┬────────────╮
│ Type         │ Perms │ Aligment │ File offset │ File len │ Memory address │ Memory len │
├──────────────┼───────┼──────────┼─────────────┼──────────┼────────────────┼────────────┤
│ Load         │ R     │ 0x1000   │ 0x0         │ 0x190    │ 0x400000       │ 0x190      │
│ Load         │ R X   │ 0x1000   │ 0x1000      │ 0x35     │ 0x401000       │ 0x35       │
│ Load         │ R     │ 0x1000   │ 0x2000      │ 0x30     │ 0x402000       │ 0x30       │
│ Load         │ RW    │ 0x1000   │ 0x2030      │ 0x1c     │ 0x403030       │ 0x28       │
│ Note         │ R     │ 0x8      │ 0x2000      │ 0x30     │ 0x402000       │ 0x30       │
│ GNU property │ R     │ 0x8      │ 0x2000      │ 0x30     │ 0x402000       │ 0x30       │
╰──────────────┴───────┴──────────┴─────────────┴──────────┴────────────────┴────────────╯

no stderr present
