linking exited with exit status: 0

no stdout present

=== stderr ===
debug print: loaded object
 │
 │  inputs
 │   │
 │   │    entry_features1_both.o
 │   │  ╭────────────────────┬────────────╮
 │   │  │ Property           │ Value      │
 │   │  ├────────────────────┼────────────┤
 │   │  │ X86 features 1 and │ ibt, shstk │
 │   │  ╰────────────────────┴────────────╯
 │   │
 │   │    features1_first.o
 │   │  ╭────────────────────┬───────╮
 │   │  │ Property           │ Value │
 │   │  ├────────────────────┼───────┤
 │   │  │ X86 features 1 and │ ibt   │
 │   │  ╰────────────────────┴───────╯
 │   │
 │   │  empty.o
 │   ┴
 ┴

debug print: built elf
 │
 │  nothing matches the filter
 ┴
