linking exited with exit status: 0

no stdout present

=== stderr ===
debug print: loaded object
 │
 │  section .eh_frame#0 (perms: r) in libhello.hello.bbd34e56055a0961-cgu.0.rcgu.o inside archive libhello.a
 │   │
 │   │  ╭─────────────────────────────────────────────────┬──────────────────╮
 │   │  │ 14 00 00 00 00 00 00 00 01 7a 52 00 01 78 10 01 │ .........zR..x.. │
 │   │  │ 1b 0c 07 08 90 01 00 00 10 00 00 00 1c 00 00 00 │ ................ │
 │   │  │ 00 00 00 00 04 00 00 00 00 00 00 00 10 00 00 00 │ ................ │
 │   │  │ 30 00 00 00 00 00 00 00 04 00 00 00 00 00 00 00 │ 0............... │
 │   │  ╰─────────────────────────────────────────────────┴──────────────────╯
 │   │
 │   │    Relocations:
 │   │  ╭────────────┬────────────────────────────────────────────────────────────────┬────────┬────────╮
 │   │  │ Type       │ Symbol                                                         │ Offset │ Addend │
 │   │  ├────────────┼────────────────────────────────────────────────────────────────┼────────┼────────┤
 │   │  │ Relative32 │ <section .text._RNvCsjjZ7o4X8YX3_7___rustc17rust_begin_unwind> │ 0x20   │ 0x0    │
 │   │  │ Relative32 │ <section .text._start>                                         │ 0x34   │ 0x0    │
 │   │  ╰────────────┴────────────────────────────────────────────────────────────────┴────────┴────────╯
 │   ┴
 │
 │  section .eh_frame#1 (perms: r) in hello.o
 │   │
 │   │  ╭─────────────────────────────────────────────────┬──────────────────╮
 │   │  │ 14 00 00 00 00 00 00 00 01 7a 52 00 01 78 10 01 │ .........zR..x.. │
 │   │  │ 1b 0c 07 08 90 01 00 00 1c 00 00 00 1c 00 00 00 │ ................ │
 │   │  │ 00 00 00 00 07 00 00 00 00 41 0e 10 86 02 43 0d │ .........A....C. │
 │   │  │ 06 42 0c 07 08 00 00 00                         │ .B......         │
 │   │  ╰─────────────────────────────────────────────────┴──────────────────╯
 │   │
 │   │    Relocations:
 │   │  ╭────────────┬─────────────────┬────────┬────────╮
 │   │  │ Type       │ Symbol          │ Offset │ Addend │
 │   │  ├────────────┼─────────────────┼────────┼────────┤
 │   │  │ Relative32 │ <section .text> │ 0x20   │ 0x0    │
 │   │  ╰────────────┴─────────────────┴────────┴────────╯
 │   ┴
 ┴

debug print: calculated layout
 │
 │    Layout:
 │  ╭──────────────────────────────────────────────────────┬─────────────┬─────────────┬────────────────┬───────────────╮
 │  │ Part                                                 │ File offset │ File length │ Memory address │ Memory length │
 │  ├──────────────────────────────────────────────────────┼─────────────┼─────────────┼────────────────┼───────────────┤
 │  │ <elf header>                                         │ 0x0         │ 0x40        │ -              │ -             │
 │  │ <program header>                                     │ 0x40        │ 0xe0        │ -              │ -             │
 │  │ <section header>                                     │ 0x120       │ 0x280       │ -              │ -             │
 │  │ .shstrtab                                            │ 0x3a0       │ 0x84        │ -              │ -             │
 │  │ .strtab                                              │ 0x424       │ 0x5b        │ -              │ -             │
 │  │ .symtab                                              │ 0x47f       │ 0x78        │ -              │ -             │
 │  │ .comment                                             │ 0x4f7       │ 0x57        │ -              │ -             │
 │  │ <padding>                                            │ 0x54e       │ 0xab2       │ -              │ -             │
 │  │ .eh_frame                                            │ 0x1000      │ 0x78        │ 0x400000       │ 0x78          │
 │  │ .eh_frame_hdr                                        │ 0x1078      │ 0x24        │ 0x400078       │ 0x24          │
 │  │ <padding>                                            │ 0x109c      │ 0xf64       │ -              │ -             │
 │  │ .text._RNvCsjjZ7o4X8YX3_7___rustc17rust_begin_unwind │ 0x2000      │ 0x4         │ 0x401000       │ 0x4           │
 │  │ .text._start                                         │ 0x2004      │ 0x4         │ 0x401004       │ 0x4           │
 │  │ .text                                                │ 0x2008      │ 0x7         │ 0x401008       │ 0x7           │
 │  ╰──────────────────────────────────────────────────────┴─────────────┴─────────────┴────────────────┴───────────────╯
 │
 │    Segments:
 │  ╭──────────┬────────┬──────────────┬───────┬──────────────────────────────────────────────────────╮
 │  │ Start    │ Align  │ Type         │ Perms │ Content                                              │
 │  ├──────────┼────────┼──────────────┼───────┼──────────────────────────────────────────────────────┤
 │  │ 0x400000 │ 0x1000 │ program      │ R     │ .eh_frame                                            │
 │  │          │        │              │       │ .eh_frame_hdr                                        │
 │  │ 0x401000 │ 0x1000 │ program      │ RX    │ .text._RNvCsjjZ7o4X8YX3_7___rustc17rust_begin_unwind │
 │  │          │        │              │       │ .text._start                                         │
 │  │          │        │              │       │ .text                                                │
 │  │ 0x400078 │ 0x4    │ GNU EH frame │ R     │ .eh_frame_hdr                                        │
 │  │ -        │ 0x1    │ GNU stack    │ RW    │                                                      │
 │  ╰──────────┴────────┴──────────────┴───────┴──────────────────────────────────────────────────────╯
 ┴

debug print: object after relocations are applied
 │
 │  section .eh_frame (perms: r) in mix of libhello.hello.bbd34e56055a0961-cgu.0.rcgu.o inside archive libhello.a and hello.o
 │   │
 │   │  address: 0x400000
 │   │
 │   │  ╭─────────────────────────────────────────────────┬──────────────────╮
 │   │  │ 14 00 00 00 00 00 00 00 01 7a 52 00 01 78 10 01 │ .........zR..x.. │
 │   │  │ 1b 0c 07 08 90 01 00 00 10 00 00 00 1c 00 00 00 │ ................ │
 │   │  │ e0 0f 00 00 04 00 00 00 00 00 00 00 10 00 00 00 │ ................ │
 │   │  │ 30 00 00 00 d0 0f 00 00 04 00 00 00 00 00 00 00 │ 0............... │
 │   │  │ 14 00 00 00 00 00 00 00 01 7a 52 00 01 78 10 01 │ .........zR..x.. │
 │   │  │ 1b 0c 07 08 90 01 00 00 1c 00 00 00 1c 00 00 00 │ ................ │
 │   │  │ a8 0f 00 00 07 00 00 00 00 41 0e 10 86 02 43 0d │ .........A....C. │
 │   │  │ 06 42 0c 07 08 00 00 00                         │ .B......         │
 │   │  ╰─────────────────────────────────────────────────┴──────────────────╯
 │   ┴
 │
 │  EH frame header section .eh_frame_hdr in <cuddld>
 │   │
 │   │  EH frame: .eh_frame
 │   ┴
 ┴

debug print: built elf
 │
 │  section .eh_frame (address: 0x400000)
 │   │
 │   │  EH frame | permissions: R
 │   │
 │   │  Common Information Entry | Offset: 0x0
 │   │   │
 │   │   │  Code alignment factor: 1
 │   │   │  Data alignment factor: -8
 │   │   │  Return address column: 16
 │   │   │  Address pointer encoding: I32 | PcRel
 │   │   │
 │   │   │    Instructions:
 │   │   │  ╭──────────────────────┬─────────╮
 │   │   │  │ 0c 07 08 90 01 00 00 │ ....... │
 │   │   │  ╰──────────────────────┴─────────╯
 │   │   │
 │   │   │  Frame Description Entry | Offset: 0x18
 │   │   │   │
 │   │   │   │  Address: 0x401000
 │   │   │   │  Length: 0x4
 │   │   │   │
 │   │   │   │    Instructions:
 │   │   │   │  ╭──────────┬─────╮
 │   │   │   │  │ 00 00 00 │ ... │
 │   │   │   │  ╰──────────┴─────╯
 │   │   │   ┴
 │   │   │
 │   │   │  Frame Description Entry | Offset: 0x2c
 │   │   │   │
 │   │   │   │  Address: 0x401004
 │   │   │   │  Length: 0x4
 │   │   │   │
 │   │   │   │    Instructions:
 │   │   │   │  ╭──────────┬─────╮
 │   │   │   │  │ 00 00 00 │ ... │
 │   │   │   │  ╰──────────┴─────╯
 │   │   │   ┴
 │   │   ┴
 │   │
 │   │  Common Information Entry | Offset: 0x40
 │   │   │
 │   │   │  Code alignment factor: 1
 │   │   │  Data alignment factor: -8
 │   │   │  Return address column: 16
 │   │   │  Address pointer encoding: I32 | PcRel
 │   │   │
 │   │   │    Instructions:
 │   │   │  ╭──────────────────────┬─────────╮
 │   │   │  │ 0c 07 08 90 01 00 00 │ ....... │
 │   │   │  ╰──────────────────────┴─────────╯
 │   │   │
 │   │   │  Frame Description Entry | Offset: 0x58
 │   │   │   │
 │   │   │   │  Address: 0x401008
 │   │   │   │  Length: 0x7
 │   │   │   │
 │   │   │   │    Instructions:
 │   │   │   │  ╭──────────────────────────────────────────────┬─────────────────╮
 │   │   │   │  │ 41 0e 10 86 02 43 0d 06 42 0c 07 08 00 00 00 │ A....C..B...... │
 │   │   │   │  ╰──────────────────────────────────────────────┴─────────────────╯
 │   │   │   ┴
 │   │   ┴
 │   ┴
 │
 │  section .eh_frame_hdr (address: 0x400078)
 │   │
 │   │  EH Frame Header
 │   │
 │   │  .eh_frame pointer encoding: I32 | PcRel
 │   │  entries encoding:           I32 | DataRel
 │   │  entries count encoding:     U32 | Absolute
 │   │
 │   │  .eh_frame pointer: 0x400000 (raw offset: -0x7c)
 │   │
 │   │    Binary search entries:
 │   │  ╭──────────────────────────┬──────────────────────╮
 │   │  │ Function pointer         │ FDE                  │
 │   │  ├──────────────────────────┼──────────────────────┤
 │   │  │ 0x401000 (offset: 0xf88) │ 0x18 (offset: -0x60) │
 │   │  │ 0x401004 (offset: 0xf8c) │ 0x2c (offset: -0x4c) │
 │   │  │ 0x401008 (offset: 0xf90) │ 0x58 (offset: -0x20) │
 │   │  ╰──────────────────────────┴──────────────────────╯
 │   ┴
 ┴
