linking exited with exit status: 0

no stdout present

=== stderr ===
debug print: loaded object
 │
 │  section .eh_frame#0 (perms: r) in libhello.hello.bbd34e56055a0961-cgu.0.rcgu.o inside archive libhello.a
 │   │
 │   │  ╭─────────────────────────────────────────────────┬──────────────────╮
 │   │  │ 14 00 00 00 00 00 00 00 01 7a 52 00 01 7c 08 01 │ .........zR..|.. │
 │   │  │ 1b 0c 04 04 88 01 00 00 10 00 00 00 1c 00 00 00 │ ................ │
 │   │  │ 00 00 00 00 04 00 00 00 00 00 00 00 10 00 00 00 │ ................ │
 │   │  │ 30 00 00 00 00 00 00 00 04 00 00 00 00 00 00 00 │ 0............... │
 │   │  ╰─────────────────────────────────────────────────┴──────────────────╯
 │   │
 │   │    Relocations:
 │   │  ╭────────────┬────────────────────────────────────────────────────────────────┬────────┬──────────╮
 │   │  │ Type       │ Symbol                                                         │ Offset │ Addend   │
 │   │  ├────────────┼────────────────────────────────────────────────────────────────┼────────┼──────────┤
 │   │  │ Relative32 │ <section .text._RNvCsjjZ7o4X8YX3_7___rustc17rust_begin_unwind> │ 0x20   │ <inline> │
 │   │  │ Relative32 │ <section .text._start>                                         │ 0x34   │ <inline> │
 │   │  ╰────────────┴────────────────────────────────────────────────────────────────┴────────┴──────────╯
 │   ┴
 │
 │  section .eh_frame#1 (perms: r) in hello.o
 │   │
 │   │  ╭─────────────────────────────────────────────────┬──────────────────╮
 │   │  │ 14 00 00 00 00 00 00 00 01 7a 52 00 01 7c 08 01 │ .........zR..|.. │
 │   │  │ 1b 0c 04 04 88 01 00 00 1c 00 00 00 1c 00 00 00 │ ................ │
 │   │  │ 00 00 00 00 06 00 00 00 00 41 0e 08 85 02 42 0d │ .........A....B. │
 │   │  │ 05 42 c5 0c 04 04 00 00                         │ .B......         │
 │   │  ╰─────────────────────────────────────────────────┴──────────────────╯
 │   │
 │   │    Relocations:
 │   │  ╭────────────┬─────────────────┬────────┬──────────╮
 │   │  │ Type       │ Symbol          │ Offset │ Addend   │
 │   │  ├────────────┼─────────────────┼────────┼──────────┤
 │   │  │ Relative32 │ <section .text> │ 0x20   │ <inline> │
 │   │  ╰────────────┴─────────────────┴────────┴──────────╯
 │   ┴
 ┴

debug print: calculated layout
 │
 │    Layout:
 │  ╭──────────────────────────────────────────────────────┬─────────────┬─────────────┬────────────────┬───────────────╮
 │  │ Part                                                 │ File offset │ File length │ Memory address │ Memory length │
 │  ├──────────────────────────────────────────────────────┼─────────────┼─────────────┼────────────────┼───────────────┤
 │  │ <elf header>                                         │ 0x0         │ 0x34        │ -              │ -             │
 │  │ <program header>                                     │ 0x34        │ 0x80        │ -              │ -             │
 │  │ <section header>                                     │ 0xb4        │ 0x190       │ -              │ -             │
 │  │ .shstrtab                                            │ 0x244       │ 0x84        │ -              │ -             │
 │  │ .strtab                                              │ 0x2c8       │ 0x5b        │ -              │ -             │
 │  │ .symtab                                              │ 0x323       │ 0x50        │ -              │ -             │
 │  │ .comment                                             │ 0x373       │ 0x57        │ -              │ -             │
 │  │ <padding>                                            │ 0x3ca       │ 0xc36       │ -              │ -             │
 │  │ .eh_frame                                            │ 0x1000      │ 0x78        │ 0x400000       │ 0x78          │
 │  │ .eh_frame_hdr                                        │ 0x1078      │ 0x8         │ 0x400078       │ 0x8           │
 │  │ <padding>                                            │ 0x1080      │ 0xf80       │ -              │ -             │
 │  │ .text._RNvCsjjZ7o4X8YX3_7___rustc17rust_begin_unwind │ 0x2000      │ 0x4         │ 0x401000       │ 0x4           │
 │  │ .text._start                                         │ 0x2004      │ 0x4         │ 0x401004       │ 0x4           │
 │  │ .text                                                │ 0x2008      │ 0x6         │ 0x401008       │ 0x6           │
 │  ╰──────────────────────────────────────────────────────┴─────────────┴─────────────┴────────────────┴───────────────╯
 │
 │    Segments:
 │  ╭──────────┬────────┬──────────────┬───────┬──────────────────────────────────────────────────────╮
 │  │ Start    │ Align  │ Type         │ Perms │ Content                                              │
 │  ├──────────┼────────┼──────────────┼───────┼──────────────────────────────────────────────────────┤
 │  │ 0x400000 │ 0x1000 │ program      │ R     │ .eh_frame                                            │
 │  │          │        │              │       │ .eh_frame_hdr                                        │
 │  │ 0x401000 │ 0x1000 │ program      │ RX    │ .text._RNvCsjjZ7o4X8YX3_7___rustc17rust_begin_unwind │
 │  │          │        │              │       │ .text._start                                         │
 │  │          │        │              │       │ .text                                                │
 │  │ 0x400078 │ 0x4    │ GNU EH frame │ R     │ .eh_frame_hdr                                        │
 │  │ -        │ 0x1    │ GNU stack    │ RW    │                                                      │
 │  ╰──────────┴────────┴──────────────┴───────┴──────────────────────────────────────────────────────╯
 ┴

debug print: object after relocations are applied
 │
 │  section .eh_frame (perms: r) in mix of libhello.hello.bbd34e56055a0961-cgu.0.rcgu.o inside archive libhello.a and hello.o
 │   │
 │   │  address: 0x400000
 │   │
 │   │  ╭─────────────────────────────────────────────────┬──────────────────╮
 │   │  │ 14 00 00 00 00 00 00 00 01 7a 52 00 01 7c 08 01 │ .........zR..|.. │
 │   │  │ 1b 0c 04 04 88 01 00 00 10 00 00 00 1c 00 00 00 │ ................ │
 │   │  │ e0 0f 00 00 04 00 00 00 00 00 00 00 10 00 00 00 │ ................ │
 │   │  │ 30 00 00 00 d0 0f 00 00 04 00 00 00 00 00 00 00 │ 0............... │
 │   │  │ 14 00 00 00 00 00 00 00 01 7a 52 00 01 7c 08 01 │ .........zR..|.. │
 │   │  │ 1b 0c 04 04 88 01 00 00 1c 00 00 00 1c 00 00 00 │ ................ │
 │   │  │ a8 0f 00 00 06 00 00 00 00 41 0e 08 85 02 42 0d │ .........A....B. │
 │   │  │ 05 42 c5 0c 04 04 00 00                         │ .B......         │
 │   │  ╰─────────────────────────────────────────────────┴──────────────────╯
 │   ┴
 │
 │  EH frame header section .eh_frame_hdr in <cuddld>
 │   │
 │   │  EH frame: .eh_frame
 │   ┴
 ┴

debug print: built elf
 │
 │  section .eh_frame (address: 0x400000)
 │   │
 │   │  EH frame | permissions: R
 │   │
 │   │  Common Information Entry | Offset: 0x0
 │   │   │
 │   │   │  Code alignment factor: 1
 │   │   │  Data alignment factor: -4
 │   │   │  Return address column: 8
 │   │   │  Address pointer encoding: I32 | PcRel
 │   │   │
 │   │   │    Instructions:
 │   │   │  ╭──────────────────────┬─────────╮
 │   │   │  │ 0c 04 04 88 01 00 00 │ ....... │
 │   │   │  ╰──────────────────────┴─────────╯
 │   │   │
 │   │   │  Frame Description Entry | Offset: 0x18
 │   │   │   │
 │   │   │   │  Address: 0x401000
 │   │   │   │  Length: 0x4
 │   │   │   │
 │   │   │   │    Instructions:
 │   │   │   │  ╭──────────┬─────╮
 │   │   │   │  │ 00 00 00 │ ... │
 │   │   │   │  ╰──────────┴─────╯
 │   │   │   ┴
 │   │   │
 │   │   │  Frame Description Entry | Offset: 0x2c
 │   │   │   │
 │   │   │   │  Address: 0x401004
 │   │   │   │  Length: 0x4
 │   │   │   │
 │   │   │   │    Instructions:
 │   │   │   │  ╭──────────┬─────╮
 │   │   │   │  │ 00 00 00 │ ... │
 │   │   │   │  ╰──────────┴─────╯
 │   │   │   ┴
 │   │   ┴
 │   │
 │   │  Common Information Entry | Offset: 0x40
 │   │   │
 │   │   │  Code alignment factor: 1
 │   │   │  Data alignment factor: -4
 │   │   │  Return address column: 8
 │   │   │  Address pointer encoding: I32 | PcRel
 │   │   │
 │   │   │    Instructions:
 │   │   │  ╭──────────────────────┬─────────╮
 │   │   │  │ 0c 04 04 88 01 00 00 │ ....... │
 │   │   │  ╰──────────────────────┴─────────╯
 │   │   │
 │   │   │  Frame Description Entry | Offset: 0x58
 │   │   │   │
 │   │   │   │  Address: 0x401008
 │   │   │   │  Length: 0x6
 │   │   │   │
 │   │   │   │    Instructions:
 │   │   │   │  ╭──────────────────────────────────────────────┬─────────────────╮
 │   │   │   │  │ 41 0e 08 85 02 42 0d 05 42 c5 0c 04 04 00 00 │ A....B..B...... │
 │   │   │   │  ╰──────────────────────────────────────────────┴─────────────────╯
 │   │   │   ┴
 │   │   ┴
 │   ┴
 │
 │  section .eh_frame_hdr (address: 0x400078)
 │   │
 │   │  EH Frame Header
 │   │
 │   │  .eh_frame pointer encoding: I32 | PcRel
 │   │  entries encoding:           Missing
 │   │  entries count encoding:     Missing
 │   │
 │   │  .eh_frame pointer: 0x400000 (raw offset: -0x7c)
 │   │
 │   │  There are no entries stored in the binary search table
 │   ┴
 ┴
