[
    Literal(
        "hello",
    ) @ 0:4,
    Equal @ 0:6,
    OpenParen @ 0:9,
    CloseParen @ 0:10,
    Dot @ 0:22,
    Newline @ 0:33,
    OpenSquare @ 1:0,
    OpenString @ 1:1,
    RawString(
        "world\n\\",
    ) @ 1:11,
    CloseString @ 1:11,
    Comma @ 1:12,
    Literal(
        "foo",
    ) @ 1:16,
    Dot @ 1:17,
    Literal(
        "bar",
    ) @ 1:20,
    CloseCurly @ 1:21,
    OpenCurly @ 1:22,
    CloseSquare @ 1:23,
    Newline @ 1:24,
    Literal(
        "BAZ",
    ) @ 2:2,
    EndOfInput @ 2:3,
]