reading ELF exited with exit status: 0

=== stdout ===
section .eh_frame_hdr (address: 0x804a000)
 │
 │  EH Frame Header
 │
 │  .eh_frame pointer encoding: I32 | PcRel
 │  entries encoding:           I32 | DataRel
 │  entries count encoding:     U32 | Absolute
 │
 │  .eh_frame pointer: 0x804a01c (raw offset: 0x18)
 │
 │    Binary search entries:
 │  ╭────────────────────┬──────╮
 │  │ Pointer            │ Info │
 │  ├────────────────────┼──────┤
 │  │ 0xfffffffffffff000 │ 0x34 │
 │  │ 0xfffffffffffff004 │ 0x48 │
 │  ╰────────────────────┴──────╯
 ┴

section .eh_frame (address: 0x804a01c)
 │
 │  EH frame | permissions: R
 │
 │  Common Information Entry | Offset: 0x0
 │   │
 │   │  Code alignment factor: 1
 │   │  Data alignment factor: -4
 │   │  Return address column: 8
 │   │  Address pointer encoding: I32 | PcRel
 │   │
 │   │    Instructions:
 │   │  ╭──────────────────────┬─────────╮
 │   │  │ 0c 04 04 88 01 00 00 │ ....... │
 │   │  ╰──────────────────────┴─────────╯
 │   │
 │   │  Frame Description Entry | Offset: 0x18
 │   │   │
 │   │   │  Address: 0x8049000
 │   │   │  Length: 0x4
 │   │   │
 │   │   │    Instructions:
 │   │   │  ╭──────────┬─────╮
 │   │   │  │ 00 00 00 │ ... │
 │   │   │  ╰──────────┴─────╯
 │   │   ┴
 │   │
 │   │  Frame Description Entry | Offset: 0x2c
 │   │   │
 │   │   │  Address: 0x8049004
 │   │   │  Length: 0x4
 │   │   │
 │   │   │    Instructions:
 │   │   │  ╭──────────┬─────╮
 │   │   │  │ 00 00 00 │ ... │
 │   │   │  ╰──────────┴─────╯
 │   │   ┴
 │   ┴
 ┴

no stderr present
