reading ELF exited with exit status: 0

=== stdout ===
section .eh_frame_hdr (address: 0x804a000)
 │
 │  program data | permissions: R
 │
 │  ╭─────────────────────────────────────────────────┬──────────────────╮
 │  │ 01 1b 03 3b 18 00 00 00 02 00 00 00 00 f0 ff ff │ ...;............ │
 │  │ 34 00 00 00 04 f0 ff ff 48 00 00 00             │ 4.......H...     │
 │  ╰─────────────────────────────────────────────────┴──────────────────╯
 ┴

section .eh_frame (address: 0x804a01c)
 │
 │  program data | permissions: R
 │
 │  ╭─────────────────────────────────────────────────┬──────────────────╮
 │  │ 14 00 00 00 00 00 00 00 01 7a 52 00 01 7c 08 01 │ .........zR..|.. │
 │  │ 1b 0c 04 04 88 01 00 00 10 00 00 00 1c 00 00 00 │ ................ │
 │  │ c4 ef ff ff 04 00 00 00 00 00 00 00 10 00 00 00 │ ................ │
 │  │ 30 00 00 00 b4 ef ff ff 04 00 00 00 00 00 00 00 │ 0............... │
 │  ╰─────────────────────────────────────────────────┴──────────────────╯
 ┴

no stderr present
