reading ELF exited with exit status: 0

=== stdout ===
section .eh_frame_hdr (address: 0x402000)
 │
 │  program data | permissions: R
 │
 │  ╭─────────────────────────────────────────────────┬──────────────────╮
 │  │ 01 1b 03 3b 1c 00 00 00 02 00 00 00 00 f0 ff ff │ ...;............ │
 │  │ 38 00 00 00 04 f0 ff ff 4c 00 00 00             │ 8.......L...     │
 │  ╰─────────────────────────────────────────────────┴──────────────────╯
 ┴

section .eh_frame (address: 0x402020)
 │
 │  program data | permissions: R
 │
 │  ╭─────────────────────────────────────────────────┬──────────────────╮
 │  │ 14 00 00 00 00 00 00 00 01 7a 52 00 01 78 10 01 │ .........zR..x.. │
 │  │ 1b 0c 07 08 90 01 00 00 10 00 00 00 1c 00 00 00 │ ................ │
 │  │ c0 ef ff ff 04 00 00 00 00 00 00 00 10 00 00 00 │ ................ │
 │  │ 30 00 00 00 b0 ef ff ff 04 00 00 00 00 00 00 00 │ 0............... │
 │  ╰─────────────────────────────────────────────────┴──────────────────╯
 ┴

no stderr present
