reading ELF exited with exit status: 0

=== stdout ===
section .eh_frame_hdr (address: 0x402000)
 │
 │  EH Frame Header
 │
 │  .eh_frame pointer encoding: I32 | PcRel
 │  entries encoding:           I32 | DataRel
 │  entries count encoding:     U32 | Absolute
 │
 │  .eh_frame pointer: 0x402020 (raw offset: 0x1c)
 │
 │    Binary search entries:
 │  ╭────────────────────┬──────╮
 │  │ Pointer            │ Info │
 │  ├────────────────────┼──────┤
 │  │ 0xfffffffffffff000 │ 0x38 │
 │  │ 0xfffffffffffff004 │ 0x4c │
 │  ╰────────────────────┴──────╯
 ┴

section .eh_frame (address: 0x402020)
 │
 │  EH frame | permissions: R
 │
 │  Common Information Entry | Offset: 0x0
 │   │
 │   │  Code alignment factor: 1
 │   │  Data alignment factor: -8
 │   │  Return address column: 16
 │   │  Address pointer encoding: I32 | PcRel
 │   │
 │   │    Instructions:
 │   │  ╭──────────────────────┬─────────╮
 │   │  │ 0c 07 08 90 01 00 00 │ ....... │
 │   │  ╰──────────────────────┴─────────╯
 │   │
 │   │  Frame Description Entry | Offset: 0x18
 │   │   │
 │   │   │  Address: 0x401000
 │   │   │  Length: 0x4
 │   │   │
 │   │   │    Instructions:
 │   │   │  ╭──────────┬─────╮
 │   │   │  │ 00 00 00 │ ... │
 │   │   │  ╰──────────┴─────╯
 │   │   ┴
 │   │
 │   │  Frame Description Entry | Offset: 0x2c
 │   │   │
 │   │   │  Address: 0x401004
 │   │   │  Length: 0x4
 │   │   │
 │   │   │    Instructions:
 │   │   │  ╭──────────┬─────╮
 │   │   │  │ 00 00 00 │ ... │
 │   │   │  ╰──────────┴─────╯
 │   │   ┴
 │   ┴
 ┴

no stderr present
