linking exited with exit status: 0

no stdout present

=== stderr ===
debug print: calculated layout
 │
 │    Layout:
 │  ╭────────────────────┬─────────────┬─────────────┬────────────────┬───────────────╮
 │  │ Part               │ File offset │ File length │ Memory address │ Memory length │
 │  ├────────────────────┼─────────────┼─────────────┼────────────────┼───────────────┤
 │  │ <elf header>       │ 0x0         │ 0x40        │ -              │ -             │
 │  │ <program header>   │ 0x40        │ 0xe0        │ -              │ -             │
 │  │ <section header>   │ 0x120       │ 0x1c0       │ -              │ -             │
 │  │ .shstrtab          │ 0x2e0       │ 0x3d        │ -              │ -             │
 │  │ .comment           │ 0x31d       │ 0xf         │ -              │ -             │
 │  │ .strtab            │ 0x32c       │ 0x9         │ -              │ -             │
 │  │ .symtab            │ 0x335       │ 0x30        │ -              │ -             │
 │  │ <padding>          │ 0x365       │ 0xc9b       │ -              │ -             │
 │  │ .text              │ 0x1000      │ 0x1         │ 0x400000       │ 0x1           │
 │  │ <padding>          │ 0x1001      │ 0x7         │ -              │ -             │
 │  │ .note.gnu.property │ 0x1008      │ 0x30        │ 0x400008       │ 0x30          │
 │  ╰────────────────────┴─────────────┴─────────────┴────────────────┴───────────────╯
 │
 │    Segments:
 │  ╭──────────┬────────┬──────────────┬───────┬────────────────────╮
 │  │ Start    │ Align  │ Type         │ Perms │ Content            │
 │  ├──────────┼────────┼──────────────┼───────┼────────────────────┤
 │  │ 0x400000 │ 0x1000 │ program      │ RX    │ .text              │
 │  │ -        │ 0x1    │ GNU stack    │ RW    │                    │
 │  │ 0x400008 │ 0x8    │ GNU property │ R     │ .note.gnu.property │
 │  │ 0x400008 │ 0x8    │ notes        │ R     │ .note.gnu.property │
 │  ╰──────────┴────────┴──────────────┴───────┴────────────────────╯
 ┴
